Release 14.7 - xst P.20131013 (nt64)
Copyright (c) 1995-2013 Xilinx, Inc.  All rights reserved.
--> Parameter TMPDIR set to xst/projnav.tmp


Total REAL time to Xst completion: 0.00 secs
Total CPU time to Xst completion: 0.09 secs
 
--> Parameter xsthdpdir set to xst


Total REAL time to Xst completion: 0.00 secs
Total CPU time to Xst completion: 0.09 secs
 
--> Reading design: Top.prj

TABLE OF CONTENTS
  1) Synthesis Options Summary
  2) HDL Parsing
  3) HDL Elaboration
  4) HDL Synthesis
       4.1) HDL Synthesis Report
  5) Advanced HDL Synthesis
       5.1) Advanced HDL Synthesis Report
  6) Low Level Synthesis
  7) Partition Report
  8) Design Summary
       8.1) Primitive and Black Box Usage
       8.2) Device utilization summary
       8.3) Partition Resource Summary
       8.4) Timing Report
            8.4.1) Clock Information
            8.4.2) Asynchronous Control Signals Information
            8.4.3) Timing Summary
            8.4.4) Timing Details
            8.4.5) Cross Clock Domains Report


=========================================================================
*                      Synthesis Options Summary                        *
=========================================================================
---- Source Parameters
Input File Name                    : "Top.prj"
Ignore Synthesis Constraint File   : NO

---- Target Parameters
Output File Name                   : "Top"
Output Format                      : NGC
Target Device                      : xc7a100t-3-csg324

---- Source Options
Top Module Name                    : Top
Automatic FSM Extraction           : YES
FSM Encoding Algorithm             : Auto
Safe Implementation                : No
FSM Style                          : LUT
RAM Extraction                     : Yes
RAM Style                          : Auto
ROM Extraction                     : Yes
Shift Register Extraction          : YES
ROM Style                          : Auto
Resource Sharing                   : YES
Asynchronous To Synchronous        : NO
Shift Register Minimum Size        : 2
Use DSP Block                      : Auto
Automatic Register Balancing       : No

---- Target Options
LUT Combining                      : Auto
Reduce Control Sets                : Auto
Add IO Buffers                     : YES
Global Maximum Fanout              : 100000
Add Generic Clock Buffer(BUFG)     : 32
Register Duplication               : YES
Optimize Instantiated Primitives   : NO
Use Clock Enable                   : Auto
Use Synchronous Set                : Auto
Use Synchronous Reset              : Auto
Pack IO Registers into IOBs        : Auto
Equivalent register Removal        : YES

---- General Options
Optimization Goal                  : Speed
Optimization Effort                : 1
Power Reduction                    : NO
Keep Hierarchy                     : No
Netlist Hierarchy                  : As_Optimized
RTL Output                         : Yes
Global Optimization                : AllClockNets
Read Cores                         : YES
Write Timing Constraints           : NO
Cross Clock Analysis               : NO
Hierarchy Separator                : /
Bus Delimiter                      : <>
Case Specifier                     : Maintain
Slice Utilization Ratio            : 100
BRAM Utilization Ratio             : 100
DSP48 Utilization Ratio            : 100
Auto BRAM Packing                  : NO
Slice Utilization Ratio Delta      : 5

=========================================================================


=========================================================================
*                          HDL Parsing                                  *
=========================================================================
Analyzing Verilog file "C:\Users\Markazi.co\Desktop\Computer Architecture\verilog\MIPS\TwoInputMux.v" into library work
Parsing module <TwoInputMux>.
Analyzing Verilog file "C:\Users\Markazi.co\Desktop\Computer Architecture\verilog\MIPS\SignExtend.v" into library work
Parsing module <SignExtend>.
Analyzing Verilog file "C:\Users\Markazi.co\Desktop\Computer Architecture\verilog\MIPS\Register_with_enable.v" into library work
Parsing module <Register_with_enable>.
Analyzing Verilog file "C:\Users\Markazi.co\Desktop\Computer Architecture\verilog\MIPS\RegisterFile.v" into library work
Parsing module <RegisterFile>.
Analyzing Verilog file "C:\Users\Markazi.co\Desktop\Computer Architecture\verilog\MIPS\Register.v" into library work
Parsing module <Register>.
Analyzing Verilog file "C:\Users\Markazi.co\Desktop\Computer Architecture\verilog\MIPS\RegDestMux.v" into library work
Parsing module <RegDestMux>.
Analyzing Verilog file "C:\Users\Markazi.co\Desktop\Computer Architecture\verilog\MIPS\ProgramCounter.v" into library work
Parsing module <ProgramCounter>.
Analyzing Verilog file "C:\Users\Markazi.co\Desktop\Computer Architecture\verilog\MIPS\Memory.v" into library work
Parsing module <Memory>.
Analyzing Verilog file "C:\Users\Markazi.co\Desktop\Computer Architecture\verilog\MIPS\FourInputMux.v" into library work
Parsing module <FourInputMux>.
Analyzing Verilog file "C:\Users\Markazi.co\Desktop\Computer Architecture\verilog\MIPS\ControlUnit.v" into library work
Parsing module <ControlUnit>.
Analyzing Verilog file "C:\Users\Markazi.co\Desktop\Computer Architecture\verilog\MIPS\ALU_decoder.v" into library work
Parsing module <ALU_decoder>.
Analyzing Verilog file "C:\Users\Markazi.co\Desktop\Computer Architecture\verilog\MIPS\ALU.v" into library work
Parsing module <ALU>.
Analyzing Verilog file "C:\Users\Markazi.co\Desktop\Computer Architecture\verilog\MIPS\Top.v" into library work
Parsing module <Top>.

=========================================================================
*                            HDL Elaboration                            *
=========================================================================
WARNING:HDLCompiler:1016 - "C:\Users\Markazi.co\Desktop\Computer Architecture\verilog\MIPS\Top.v" Line 114: Port nmint is not connected to this instance

Elaborating module <Top>.

Elaborating module <ProgramCounter>.
WARNING:HDLCompiler:189 - "C:\Users\Markazi.co\Desktop\Computer Architecture\verilog\MIPS\Top.v" Line 67: Size mismatch in connection of port <address>. Formal port size is 32-bit while actual signal size is 1-bit.

Elaborating module <TwoInputMux>.

Elaborating module <Memory>.

Elaborating module <Register_with_enable>.

Elaborating module <Register>.

Elaborating module <ControlUnit>.
WARNING:HDLCompiler:1127 - "C:\Users\Markazi.co\Desktop\Computer Architecture\verilog\MIPS\Top.v" Line 133: Assignment to system_state ignored, since the identifier is never used

Elaborating module <ALU_decoder>.

Elaborating module <RegDestMux>.

Elaborating module <RegisterFile>.

Elaborating module <SignExtend>.

Elaborating module <FourInputMux>.

Elaborating module <ALU>.
WARNING:HDLCompiler:413 - "C:\Users\Markazi.co\Desktop\Computer Architecture\verilog\MIPS\ALU.v" Line 55: Result of 32-bit expression is truncated to fit in 1-bit target.
WARNING:HDLCompiler:189 - "C:\Users\Markazi.co\Desktop\Computer Architecture\verilog\MIPS\Top.v" Line 221: Size mismatch in connection of port <data3>. Formal port size is 32-bit while actual signal size is 1-bit.
WARNING:HDLCompiler:189 - "C:\Users\Markazi.co\Desktop\Computer Architecture\verilog\MIPS\Top.v" Line 232: Size mismatch in connection of port <out>. Formal port size is 32-bit while actual signal size is 1-bit.
WARNING:HDLCompiler:189 - "C:\Users\Markazi.co\Desktop\Computer Architecture\verilog\MIPS\Top.v" Line 237: Size mismatch in connection of port <in0>. Formal port size is 32-bit while actual signal size is 1-bit.
WARNING:HDLCompiler:189 - "C:\Users\Markazi.co\Desktop\Computer Architecture\verilog\MIPS\Top.v" Line 239: Size mismatch in connection of port <out>. Formal port size is 32-bit while actual signal size is 1-bit.
WARNING:HDLCompiler:189 - "C:\Users\Markazi.co\Desktop\Computer Architecture\verilog\MIPS\Top.v" Line 249: Size mismatch in connection of port <dataOut>. Formal port size is 32-bit while actual signal size is 1-bit.
WARNING:HDLCompiler:552 - "C:\Users\Markazi.co\Desktop\Computer Architecture\verilog\MIPS\Top.v" Line 114: Input port nmint is not connected on this instance
WARNING:Xst:2972 - "C:\Users\Markazi.co\Desktop\Computer Architecture\verilog\MIPS\Top.v" line 64. All outputs of instance <PC_> of block <ProgramCounter> are unconnected in block <Top>. Underlying logic will be removed.
WARNING:Xst:2972 - "C:\Users\Markazi.co\Desktop\Computer Architecture\verilog\MIPS\Top.v" line 73. All outputs of instance <IorDMux> of block <TwoInputMux> are unconnected in block <Top>. Underlying logic will be removed.
WARNING:Xst:2972 - "C:\Users\Markazi.co\Desktop\Computer Architecture\verilog\MIPS\Top.v" line 82. All outputs of instance <instr_data_memory> of block <Memory> are unconnected in block <Top>. Underlying logic will be removed.
WARNING:Xst:2972 - "C:\Users\Markazi.co\Desktop\Computer Architecture\verilog\MIPS\Top.v" line 91. All outputs of instance <instruction_reg> of block <Register_with_enable> are unconnected in block <Top>. Underlying logic will be removed.
WARNING:Xst:2972 - "C:\Users\Markazi.co\Desktop\Computer Architecture\verilog\MIPS\Top.v" line 99. All outputs of instance <data_register> of block <Register> are unconnected in block <Top>. Underlying logic will be removed.
WARNING:Xst:2972 - "C:\Users\Markazi.co\Desktop\Computer Architecture\verilog\MIPS\Top.v" line 106. All outputs of instance <IR_mux> of block <TwoInputMux> are unconnected in block <Top>. Underlying logic will be removed.
WARNING:Xst:2972 - "C:\Users\Markazi.co\Desktop\Computer Architecture\verilog\MIPS\Top.v" line 114. All outputs of instance <Control_Unit> of block <ControlUnit> are unconnected in block <Top>. Underlying logic will be removed.
WARNING:Xst:2972 - "C:\Users\Markazi.co\Desktop\Computer Architecture\verilog\MIPS\Top.v" line 137. All outputs of instance <ALUdecoder> of block <ALU_decoder> are unconnected in block <Top>. Underlying logic will be removed.
WARNING:Xst:2972 - "C:\Users\Markazi.co\Desktop\Computer Architecture\verilog\MIPS\Top.v" line 144. All outputs of instance <Write_reg_mux> of block <RegDestMux> are unconnected in block <Top>. Underlying logic will be removed.
WARNING:Xst:2972 - "C:\Users\Markazi.co\Desktop\Computer Architecture\verilog\MIPS\Top.v" line 151. All outputs of instance <mem_to_reg_Mux> of block <TwoInputMux> are unconnected in block <Top>. Underlying logic will be removed.
WARNING:Xst:2972 - "C:\Users\Markazi.co\Desktop\Computer Architecture\verilog\MIPS\Top.v" line 158. All outputs of instance <Register_FILE> of block <RegisterFile> are unconnected in block <Top>. Underlying logic will be removed.
WARNING:Xst:2972 - "C:\Users\Markazi.co\Desktop\Computer Architecture\verilog\MIPS\Top.v" line 169. All outputs of instance <read_register1> of block <Register> are unconnected in block <Top>. Underlying logic will be removed.
WARNING:Xst:2972 - "C:\Users\Markazi.co\Desktop\Computer Architecture\verilog\MIPS\Top.v" line 175. All outputs of instance <read_register2> of block <Register> are unconnected in block <Top>. Underlying logic will be removed.
WARNING:Xst:2972 - "C:\Users\Markazi.co\Desktop\Computer Architecture\verilog\MIPS\Top.v" line 181. All outputs of instance <SE> of block <SignExtend> are unconnected in block <Top>. Underlying logic will be removed.
WARNING:Xst:2972 - "C:\Users\Markazi.co\Desktop\Computer Architecture\verilog\MIPS\Top.v" line 186. All outputs of instance <alu_src_b_mux> of block <FourInputMux> are unconnected in block <Top>. Underlying logic will be removed.
WARNING:Xst:2972 - "C:\Users\Markazi.co\Desktop\Computer Architecture\verilog\MIPS\Top.v" line 195. All outputs of instance <alu_src_a_mux> of block <TwoInputMux> are unconnected in block <Top>. Underlying logic will be removed.
WARNING:Xst:2972 - "C:\Users\Markazi.co\Desktop\Computer Architecture\verilog\MIPS\Top.v" line 202. All outputs of instance <ALU_ins> of block <ALU> are unconnected in block <Top>. Underlying logic will be removed.
WARNING:Xst:2972 - "C:\Users\Markazi.co\Desktop\Computer Architecture\verilog\MIPS\Top.v" line 210. All outputs of instance <Alu_out_reg> of block <Register> are unconnected in block <Top>. Underlying logic will be removed.
WARNING:Xst:2972 - "C:\Users\Markazi.co\Desktop\Computer Architecture\verilog\MIPS\Top.v" line 216. All outputs of instance <pc_source_mux> of block <FourInputMux> are unconnected in block <Top>. Underlying logic will be removed.
WARNING:Xst:2972 - "C:\Users\Markazi.co\Desktop\Computer Architecture\verilog\MIPS\Top.v" line 228. All outputs of instance <interrupt_mux> of block <TwoInputMux> are unconnected in block <Top>. Underlying logic will be removed.
WARNING:Xst:2972 - "C:\Users\Markazi.co\Desktop\Computer Architecture\verilog\MIPS\Top.v" line 235. All outputs of instance <PC_savedPC> of block <TwoInputMux> are unconnected in block <Top>. Underlying logic will be removed.
WARNING:Xst:2972 - "C:\Users\Markazi.co\Desktop\Computer Architecture\verilog\MIPS\Top.v" line 245. All outputs of instance <instance_name> of block <Register_with_enable> are unconnected in block <Top>. Underlying logic will be removed.

=========================================================================
*                           HDL Synthesis                               *
=========================================================================

Synthesizing Unit <Top>.
    Related source file is "C:\Users\Markazi.co\Desktop\Computer Architecture\verilog\MIPS\Top.v".
WARNING:Xst:2898 - Port 'nmint', unconnected in block instance 'Control_Unit', is tied to GND.
WARNING:Xst:2898 - Port 'interrupt', unconnected in block instance 'Control_Unit', is tied to GND.
WARNING:Xst:2898 - Port 'busy', unconnected in block instance 'Control_Unit', is tied to GND.
WARNING:Xst:647 - Input <interrupt_r> is never used. This port will be preserved and left unconnected if it belongs to a top-level block or it belongs to a sub-block and the hierarchy of this sub-block is preserved.
WARNING:Xst:647 - Input <CPU_busy> is never used. This port will be preserved and left unconnected if it belongs to a top-level block or it belongs to a sub-block and the hierarchy of this sub-block is preserved.
INFO:Xst:3210 - "C:\Users\Markazi.co\Desktop\Computer Architecture\verilog\MIPS\Top.v" line 114: Output port <current_state> of the instance <Control_Unit> is unconnected or connected to loadless signal.
    Summary:
	no macro.
Unit <Top> synthesized.

=========================================================================
HDL Synthesis Report

Found no macro
=========================================================================

=========================================================================
*                       Advanced HDL Synthesis                          *
=========================================================================


=========================================================================
Advanced HDL Synthesis Report

Found no macro
=========================================================================

=========================================================================
*                         Low Level Synthesis                           *
=========================================================================

Optimizing unit <Top> ...

Mapping all equations...
Building and optimizing final netlist ...
Found area constraint ratio of 100 (+ 5) on block Top, actual ratio is 0.

Final Macro Processing ...

=========================================================================
Final Register Report

Found no macro
=========================================================================

=========================================================================
*                           Partition Report                            *
=========================================================================

Partition Implementation Status
-------------------------------

  No Partitions were found in this design.

-------------------------------

=========================================================================
*                            Design Summary                             *
=========================================================================

Top Level Output File Name         : Top.ngc

Primitive and Black Box Usage:
------------------------------

Device utilization summary:
---------------------------

Selected Device : 7a100tcsg324-3 


Slice Logic Utilization: 

Slice Logic Distribution: 
 Number of LUT Flip Flop pairs used:      0
   Number with an unused Flip Flop:       0  out of      0         
   Number with an unused LUT:             0  out of      0         
   Number of fully used LUT-FF pairs:     0  out of      0         
   Number of unique control sets:         0

IO Utilization: 
 Number of IOs:                           4
 Number of bonded IOBs:                   0  out of    210     0%  

Specific Feature Utilization:

---------------------------
Partition Resource Summary:
---------------------------

  No Partitions were found in this design.

---------------------------


=========================================================================
Timing Report

NOTE: THESE TIMING NUMBERS ARE ONLY A SYNTHESIS ESTIMATE.
      FOR ACCURATE TIMING INFORMATION PLEASE REFER TO THE TRACE REPORT
      GENERATED AFTER PLACE-and-ROUTE.

Clock Information:
------------------
No clock signals found in this design

Asynchronous Control Signals Information:
----------------------------------------
No asynchronous control signals found in this design

Timing Summary:
---------------
Speed Grade: -3

   Minimum period: No path found
   Minimum input arrival time before clock: No path found
   Maximum output required time after clock: No path found
   Maximum combinational path delay: No path found

Timing Details:
---------------
All values displayed in nanoseconds (ns)

=========================================================================

Cross Clock Domains Report:
--------------------------

=========================================================================


Total REAL time to Xst completion: 7.00 secs
Total CPU time to Xst completion: 7.81 secs
 
--> 

Total memory usage is 4654800 kilobytes

Number of errors   :    0 (   0 filtered)
Number of warnings :   37 (   0 filtered)
Number of infos    :    1 (   0 filtered)

